// Jest Snapshot v1, https://goo.gl/fbAQLP

exports[`Topbar component match the snapshot 1`] = `
<DocumentFragment>
  <div
    class="topbar"
    data-testid="topbar"
  >
    <div
      data-testid="date-range-selector"
    >
      Date Range Selector
    </div>
    <div
      data-testid="year-selector"
    >
      Year Selector
    </div>
  </div>
</DocumentFragment>
`;
