// Jest Snapshot v1, https://goo.gl/fbAQLP

exports[`YearSelector component match the snapshot 1`] = `
<DocumentFragment>
  <div
    class="ms-auto vstack"
    data-testid="year-selector"
  >
    <label
      class=""
      for="dropdown"
    >
      Choose a year:
    </label>
    <div
      class="dropdown"
    >
      <button
        aria-expanded="false"
        class="dropdown-toggle btn btn-success"
        data-testid="year-dropdown"
        id="dropdown-basic"
        type="button"
      >
        Select year
      </button>
    </div>
  </div>
</DocumentFragment>
`;
